// Jest Snapshot v1, https://goo.gl/fbAQLP

exports[`About render correctly 1`] = `
<Fragment>
  <AboutStyled>
    <img
      alt=""
      src="https://i.ibb.co/FnHD0NB/portfolio.jpg"
    />
    <h2>
      Marat Valiev
    </h2>
    <h2>
      Web Developer
    </h2>
  </AboutStyled>
</Fragment>
`;
