// Jest Snapshot v1, https://goo.gl/fbAQLP

exports[`Projects should render correctly 1`] = `
<ProjectsStyled>
  <div
    className="projects-list"
    id="projects"
  >
    <Project
      key="project1"
      project={
        Object {
          "backgroundClass": "white",
          "description": "The project built using ReactJS, TypeScript, React Router, Redux, Jest. Utilizing  (TMDB API). Fully responsive and accessible.",
          "githubLink": "https://github.com/Marat-Z-Valiev/movies-api-tmdb",
          "image": "https://i.ibb.co/JQr8Zmp/movie-api-image-resized.jpg",
          "name": "Movies API",
          "technologies": Array [
            "https://i.ibb.co/qYDMK54/React-js-logo.png",
            "https://i.ibb.co/QCN8KZ9/redux.png",
            "https://i.ibb.co/Ct9gHzc/typescript.png",
          ],
          "websiteLink": "https://movies-api-marat.netlify.app/",
        }
      }
    />
    <Project
      key="project2"
      project={
        Object {
          "backgroundClass": "blue",
          "description": "The project built using ReactJS, TypeScript, API, React Router, Redux, Jest",
          "githubIcon": "fa fa-github fa-2x",
          "githubLink": "https://github.com/Marat-Z-Valiev/Random_quote_machine",
          "globeIcon": "fa fa-globe fa-2x",
          "image": "https://i.ibb.co/TB1ZXJL/Pic-App-Apple-i-Mac-cropped.jpg",
          "name": "Movies API",
          "position": "right",
          "technologies": Array [
            "https://i.ibb.co/qYDMK54/React-js-logo.png",
            "https://i.ibb.co/QCN8KZ9/redux.png",
            "https://i.ibb.co/Ct9gHzc/typescript.png",
          ],
          "websiteLink": "https://marat-z-valiev.github.io/Random_quote_machine",
        }
      }
    />
    <Project
      key="project3"
      project={
        Object {
          "backgroundClass": "white",
          "description": "The project built using ReactJS, TypeScript, API, React Router, Redux, Jest",
          "githubIcon": "fa fa-github fa-2x",
          "githubLink": "https://github.com/Marat-Z-Valiev/Random_quote_machine",
          "globeIcon": "fa fa-globe fa-2x",
          "image": "https://i.ibb.co/TB1ZXJL/Pic-App-Apple-i-Mac-cropped.jpg",
          "name": "Movies API",
          "technologies": Array [
            "https://i.ibb.co/qYDMK54/React-js-logo.png",
            "https://i.ibb.co/QCN8KZ9/redux.png",
            "https://i.ibb.co/Ct9gHzc/typescript.png",
          ],
          "websiteLink": "https://marat-z-valiev.github.io/Random_quote_machine",
        }
      }
    />
  </div>
</ProjectsStyled>
`;
