// Jest Snapshot v1, https://goo.gl/fbAQLP

exports[`Navigation should render correctly 1`] = `
<NavigationStyled__NavStyled>
  <header
    className=""
  >
    <nav>
      <ul
        className="menu"
      >
        <li
          className="logo"
        >
          <h1>
            Marat Valiev
          </h1>
        </li>
        <li
          className="toggle"
        >
          <button
            className="hamburger-button"
            onClick={[Function]}
            type="button"
          >
            <i
              className="fas fa-bars fa-3x"
            />
          </button>
        </li>
        <div
          className="links"
        >
          <NavigationLink
            className="item"
            key="0"
            label="PROJECTS"
            link="projects"
          />
          <NavigationLink
            className="item"
            key="1"
            label="SKILL SETS"
            link="skillSet"
          />
          <NavigationLink
            className="item"
            key="2"
            label="CONTACT"
            link="contact"
          />
        </div>
      </ul>
    </nav>
  </header>
</NavigationStyled__NavStyled>
`;
