// Jest Snapshot v1, https://goo.gl/fbAQLP

exports[`SkillSets should render correctly 1`] = `
<SkillSetsStyled>
  <div
    id="skillSet"
  >
    <h1>
      Skill Sets
    </h1>
    <div
      className="skills"
    >
      <i
        className="devicon-html5-plain-wordmark"
      />
      <i
        className="devicon-css3-plain-wordmark"
      />
      <i
        className="devicon-javascript-plain"
      />
      <i
        className="devicon-java-plain-wordmark"
      />
      <i
        className="devicon-react-original-wordmark"
      />
      <i
        className="devicon-git-plain-wordmark"
      />
      <i
        className="devicon-typescript-plain"
      />
      <img
        alt=""
        src="https://i.ibb.co/XDzR2Lc/responsive-design.png"
      />
      <img
        alt=""
        src="https://i.ibb.co/27b0Qt1/api.png"
      />
    </div>
  </div>
</SkillSetsStyled>
`;
